../Core/Src/main.c:39:1:__io_putchar	16	static
../Core/Src/main.c:126:6:HAL_UART_RxCpltCallback	16	static
../Core/Src/main.c:159:6:Motor_Right_Speed	16	static
../Core/Src/main.c:169:6:Motor_Left_Speed	16	static
../Core/Src/main.c:179:6:Motor_Forward	8	static
../Core/Src/main.c:187:6:Motor_Backward	8	static
../Core/Src/main.c:195:6:delay	16	static
../Core/Src/main.c:201:6:HAL_TIM_IC_CaptureCallback	16	static
../Core/Src/main.c:300:6:HCSR04_Read	8	static
../Core/Src/main.c:324:5:main	8	static
../Core/Src/main.c:398:6:SystemClock_Config	88	static
../Core/Src/main.c:444:13:MX_ADC1_Init	24	static
../Core/Src/main.c:491:13:MX_TIM2_Init	64	static
../Core/Src/main.c:554:13:MX_TIM3_Init	48	static
../Core/Src/main.c:620:13:MX_TIM4_Init	48	static
../Core/Src/main.c:669:13:MX_USART2_UART_Init	8	static
../Core/Src/main.c:702:13:MX_USART3_UART_Init	8	static
../Core/Src/main.c:735:13:MX_GPIO_Init	40	static
../Core/Src/main.c:789:6:Error_Handler	4	static,ignoring_inline_asm
